// Jest Snapshot v1, https://goo.gl/fbAQLP

exports[`Button component mounts properly 1`] = `
<button
  className="sc-bdVaJa dbnRmD"
  onClick={[Function]}
  type="solid"
>
  Click Me!
</button>
`;
